python3 scripts/check_repository.py
python3 -m unittest discover -s tests -p 'test_*.py'
python3 -m unittest discover -s firmware/esp32-native-frame/tests -p 'test_*.py'
Provisioned ESP32-S3; receipt: /private/var/folders/s9/w4yzj02n2cq606jcfbwj1qvm0000gn/T/tmp58yb6fhy/receipt.json
Provisioned ESP32-S3 using inherited key material
cargo fmt --all -- --check
cargo check --workspace --all-targets --all-features
cargo test --workspace --all-features

running 29 tests
test conformance::epoch_key_requires_exact_bytes_and_redacts_debug_output ... ok
test conformance::replay_identity_matches_the_cross_language_fixed_vector ... ok
test host::tests::database_failure_retains_store_path_and_source ... ok
test conformance::frozen_native_frame_authenticates_and_preserves_native_csi ... ok
test host::tests::injected_clock_samples_receive_time_before_admission_work ... ok
test conformance::secret_store::loader_selects_exact_device_epoch_and_redacts_diagnostics ... ok
test native_frame::golden_tests::authenticated_capability_rejects_digest_and_descriptor_mismatch ... ok
test conformance::secret_store::loader_rejects_symlinks_hardlinks_modes_and_lengths ... ok
test native_frame::golden_tests::authenticated_capability_rejects_each_fixed_descriptor_bit ... ok
test native_frame::golden_tests::authenticated_csi_body_rejects_each_structural_accounting_violation ... ok
test native_frame::golden_tests::authenticated_csi_rejects_radio_and_ltf_contract_mismatches ... ok
test conformance::secret_store::loader_detects_key_replacement_during_read ... ok
test conformance::fixed_firmware_source_digest_is_unchanged ... ok
test native_frame::golden_tests::body_constructor_rejects_raw_csi_above_s3_ceiling ... ok
test native_frame::golden_tests::authenticated_unknown_kind_and_malformed_body_are_distinct ... ok
test native_frame::golden_tests::body_constructor_enforces_s3_capacity_and_exact_accounting ... ok
test native_frame::golden_tests::every_valid_datagram_prefix_is_rejected_without_panic ... ok
test native_frame::golden_tests::header_length_tag_and_version_fail_before_body_decode ... ok
test native_frame::golden_tests::golden_capability_seals_and_decodes_exactly ... ok
test native_frame::golden_tests::header_zero_values_are_reserved_and_seal_reports_them ... ok
test native_frame::golden_tests::golden_health_seals_and_decodes_fixed_counters ... ok
test native_frame::golden_tests::golden_csi_vectors_preserve_shape_and_raw_bytes ... ok
test store::tests::injected_entropy_failure_retains_its_source_and_cleans_the_new_root ... ok
test conformance::replay_state_survives_restart_and_rejects_replays ... ok
test host::tests::injected_timeout_failure_retains_bound_address_and_source ... ok
test host::tests::injected_thread_failure_retains_thread_name_and_source ... ok
test host::tests::injected_network_failure_retains_bind_address_and_source ... ok
test store::tests::initialization_uses_the_injected_entropy_capability ... ok
test store::tests::open_uses_the_injected_entropy_capability_without_changing_store_bytes ... ok

test result: ok. 29 passed; 0 failed; 0 ignored; 0 measured; 0 filtered out; finished in 0.07s


running 11 tests
test public_validation_errors_retain_context_sources_and_backtraces ... ok
test authenticated_queue_pressure_is_preserved_as_bounded_raw_loss ... ok
test route_budget_carries_every_supported_native_frame_v1_message ... ok
test wire_identity_types_support_canonical_checked_conversions ... ok
test restart_rejects_missing_replay_row_without_touching_database_bytes ... ok
test authenticated_production_udp_datagram_is_queryable_as_exact_raw_bytes ... ok
test dropping_runtime_leaves_cleanup_and_lease_release_with_the_supervisor ... ok
test missing_and_reordered_sequences_are_preserved_as_explicit_raw_losses ... ok
test restart_rejects_changed_replay_identity_or_window_without_touching_facts ... ok
test restart_preserves_raw_fact_and_replay_rejection_excludes_duplicate_bytes ... ok
test authenticated_route_rate_limit_excludes_packet_before_replay_admission ... ok

test result: ok. 11 passed; 0 failed; 0 ignored; 0 measured; 0 filtered out; finished in 0.15s


running 1 test
test package_has_no_legacy_host_binary_target ... FAILED

failures:

---- package_has_no_legacy_host_binary_target stdout ----

thread 'package_has_no_legacy_host_binary_target' (24848635) panicked at tests/package_shape.rs:5:5:
assertion failed: option_env!("CARGO_BIN_EXE_whisper").is_some()
note: run with `RUST_BACKTRACE=1` environment variable to display a backtrace


failures:
    package_has_no_legacy_host_binary_target

test result: FAILED. 0 passed; 1 failed; 0 ignored; 0 measured; 0 filtered out; finished in 0.00s

......
----------------------------------------------------------------------
Ran 6 tests in 0.308s

OK
.................
----------------------------------------------------------------------
Ran 17 tests in 0.047s

OK
   Compiling version_check v0.9.5
    Checking typenum v1.20.1
   Compiling libc v0.2.189
   Compiling proc-macro2 v1.0.107
    Checking cfg-if v1.0.4
   Compiling find-msvc-tools v0.1.12
   Compiling shlex v2.0.1
   Compiling quote v1.0.47
   Compiling unicode-ident v1.0.24
   Compiling vcpkg v0.2.15
   Compiling cc v1.4.5
   Compiling pkg-config v0.3.34
   Compiling generic-array v0.14.7
    Checking subtle v2.6.1
    Checking foldhash v0.1.5
    Checking opaque-debug v0.3.1
    Checking hashbrown v0.15.5
   Compiling rustix v1.1.4
    Checking bitflags v2.13.1
   Compiling thiserror v2.0.20
    Checking hashlink v0.10.0
    Checking smallvec v1.16.0
    Checking fallible-iterator v0.3.0
   Compiling libsqlite3-sys v0.35.0
    Checking fallible-streaming-iterator v0.1.9
   Compiling syn v3.0.4
    Checking cpufeatures v0.2.17
    Checking errno v0.3.14
   Compiling thiserror-impl v2.0.20
    Checking crypto-common v0.1.7
    Checking inout v0.1.4
    Checking block-buffer v0.10.4
    Checking universal-hash v0.5.1
    Checking aead v0.5.2
    Checking digest v0.10.7
    Checking cipher v0.4.4
    Checking polyval v0.6.2
    Checking sha2 v0.10.9
    Checking aes v0.8.4
    Checking ctr v0.9.2
    Checking ghash v0.5.1
    Checking aes-gcm v0.10.3
    Checking rusqlite v0.37.0
    Checking whisper v0.1.0 (/private/var/folders/s9/w4yzj02n2cq606jcfbwj1qvm0000gn/T/tmpfchbbj3p/repository)
    Finished `dev` profile [unoptimized + debuginfo] target(s) in 7.05s
   Compiling typenum v1.20.1
   Compiling cfg-if v1.0.4
   Compiling subtle v2.6.1
   Compiling libc v0.2.189
   Compiling foldhash v0.1.5
   Compiling opaque-debug v0.3.1
   Compiling bitflags v2.13.1
   Compiling libsqlite3-sys v0.35.0
   Compiling fallible-iterator v0.3.0
   Compiling smallvec v1.16.0
   Compiling hashbrown v0.15.5
   Compiling fallible-streaming-iterator v0.1.9
   Compiling thiserror v2.0.20
   Compiling cpufeatures v0.2.17
   Compiling errno v0.3.14
   Compiling generic-array v0.14.7
   Compiling hashlink v0.10.0
   Compiling rustix v1.1.4
   Compiling rusqlite v0.37.0
   Compiling crypto-common v0.1.7
   Compiling inout v0.1.4
   Compiling block-buffer v0.10.4
   Compiling universal-hash v0.5.1
   Compiling aead v0.5.2
   Compiling cipher v0.4.4
   Compiling digest v0.10.7
   Compiling polyval v0.6.2
   Compiling sha2 v0.10.9
   Compiling ghash v0.5.1
   Compiling aes v0.8.4
   Compiling ctr v0.9.2
   Compiling aes-gcm v0.10.3
   Compiling whisper v0.1.0 (/private/var/folders/s9/w4yzj02n2cq606jcfbwj1qvm0000gn/T/tmpfchbbj3p/repository)
    Finished `test` profile [unoptimized + debuginfo] target(s) in 2.58s
     Running unittests src/lib.rs (target/debug/deps/whisper-277e7ecdd0ad4033)
     Running tests/host_udp.rs (target/debug/deps/host_udp-6d1f87990e3dd978)
     Running tests/package_shape.rs (target/debug/deps/package_shape-6b44a0abfe6f1da7)
error: test failed, to rerun pass `--test package_shape`
make: *** [check-rust] Error 101
